C:\Users\Viral Sangecha\Downloads\server\vaultdesk-admin\src\main\java\com\vaultdesk\admin\AdminApp.java
C:\Users\Viral Sangecha\Downloads\server\vaultdesk-admin\src\main\java\com\vaultdesk\admin\AdminUser.java
C:\Users\Viral Sangecha\Downloads\server\vaultdesk-admin\src\main\java\com\vaultdesk\admin\Asset.java
C:\Users\Viral Sangecha\Downloads\server\vaultdesk-admin\src\main\java\com\vaultdesk\admin\AssetView.java
C:\Users\Viral Sangecha\Downloads\server\vaultdesk-admin\src\main\java\com\vaultdesk\admin\ConfigManager.java
C:\Users\Viral Sangecha\Downloads\server\vaultdesk-admin\src\main\java\com\vaultdesk\admin\Consumable.java
C:\Users\Viral Sangecha\Downloads\server\vaultdesk-admin\src\main\java\com\vaultdesk\admin\ConsumableView.java
C:\Users\Viral Sangecha\Downloads\server\vaultdesk-admin\src\main\java\com\vaultdesk\admin\CsvImporter.java
C:\Users\Viral Sangecha\Downloads\server\vaultdesk-admin\src\main\java\com\vaultdesk\admin\DashboardStatsView.java
C:\Users\Viral Sangecha\Downloads\server\vaultdesk-admin\src\main\java\com\vaultdesk\admin\DashboardView.java
C:\Users\Viral Sangecha\Downloads\server\vaultdesk-admin\src\main\java\com\vaultdesk\admin\Department.java
C:\Users\Viral Sangecha\Downloads\server\vaultdesk-admin\src\main\java\com\vaultdesk\admin\DepartmentView.java
C:\Users\Viral Sangecha\Downloads\server\vaultdesk-admin\src\main\java\com\vaultdesk\admin\Employee.java
C:\Users\Viral Sangecha\Downloads\server\vaultdesk-admin\src\main\java\com\vaultdesk\admin\EmployeeView.java
C:\Users\Viral Sangecha\Downloads\server\vaultdesk-admin\src\main\java\com\vaultdesk\admin\ExcelExporter.java
C:\Users\Viral Sangecha\Downloads\server\vaultdesk-admin\src\main\java\com\vaultdesk\admin\License.java
C:\Users\Viral Sangecha\Downloads\server\vaultdesk-admin\src\main\java\com\vaultdesk\admin\LicenseView.java
C:\Users\Viral Sangecha\Downloads\server\vaultdesk-admin\src\main\java\com\vaultdesk\admin\LoginView.java
C:\Users\Viral Sangecha\Downloads\server\vaultdesk-admin\src\main\java\com\vaultdesk\admin\Maintenance.java
C:\Users\Viral Sangecha\Downloads\server\vaultdesk-admin\src\main\java\com\vaultdesk\admin\MaintenanceView.java
C:\Users\Viral Sangecha\Downloads\server\vaultdesk-admin\src\main\java\com\vaultdesk\admin\ReportView.java
C:\Users\Viral Sangecha\Downloads\server\vaultdesk-admin\src\main\java\com\vaultdesk\admin\ServerConfigView.java
C:\Users\Viral Sangecha\Downloads\server\vaultdesk-admin\src\main\java\com\vaultdesk\admin\SessionManager.java
C:\Users\Viral Sangecha\Downloads\server\vaultdesk-admin\src\main\java\com\vaultdesk\admin\SessionStore.java
C:\Users\Viral Sangecha\Downloads\server\vaultdesk-admin\src\main\java\com\vaultdesk\admin\SettingsView.java
C:\Users\Viral Sangecha\Downloads\server\vaultdesk-admin\src\main\java\com\vaultdesk\admin\ThemeManager.java
C:\Users\Viral Sangecha\Downloads\server\vaultdesk-admin\src\main\java\com\vaultdesk\admin\Ticket.java
C:\Users\Viral Sangecha\Downloads\server\vaultdesk-admin\src\main\java\com\vaultdesk\admin\TicketView.java
C:\Users\Viral Sangecha\Downloads\server\vaultdesk-admin\src\main\java\com\vaultdesk\admin\UpdateDialog.java
C:\Users\Viral Sangecha\Downloads\server\vaultdesk-admin\src\main\java\com\vaultdesk\admin\UpdateDownloader.java
C:\Users\Viral Sangecha\Downloads\server\vaultdesk-admin\src\main\java\com\vaultdesk\admin\UserManagementView.java
C:\Users\Viral Sangecha\Downloads\server\vaultdesk-admin\src\main\java\com\vaultdesk\admin\Vendor.java
C:\Users\Viral Sangecha\Downloads\server\vaultdesk-admin\src\main\java\com\vaultdesk\admin\VendorView.java
C:\Users\Viral Sangecha\Downloads\server\vaultdesk-admin\src\main\java\com\vaultdesk\admin\VersionChecker.java
